
]0;~/Desktop/rblogDongweons-MacBook-Pro:rblog dongweonshin$ 
]0;~/Desktop/rblogDongweons-MacBook-Pro:rblog dongweonshin$ echo "# rblog" >> README.md
]0;~/Desktop/rblogDongweons-MacBook-Pro:rblog dongweonshin$ git init
Initialized empty Git repository in /Users/dongweonshin/Desktop/rblog/.git/
]0;~/Desktop/rblogDongweons-MacBook-Pro:rblog dongweonshin$ git add README.md
]0;~/Desktop/rblogDongweons-MacBook-Pro:rblog dongweonshin$ git commit -m "first commit"
[master (root-commit) d7a47b1] first commit
 1 file changed, 1 insertion(+)
 create mode 100644 README.md
]0;~/Desktop/rblogDongweons-MacBook-Pro:rblog dongweonshin$ git remote add origin https:// github.com/OSoG/rblog.git
]0;~/Desktop/rblogDongweons-MacBook-Pro:rblog dongweonshin$ 
]0;~/Desktop/rblogDongweons-MacBook-Pro:rblog dongweonshin$ 
]0;~/Desktop/rblogDongweons-MacBook-Pro:rblog dongweonshin$ git push -u origin master
Counting objects: 3, done.
Writing objects:  33% (1/3)   Writing objects:  66% (2/3)   Writing objects: 100% (3/3)   Writing objects: 100% (3/3), 223 bytes | 223.00 KiB/s, done.
Total 3 (delta 0), reused 0 (delta 0)


git     


remote: 
remote: Create a pull request for 'master' on GitHub by visiting:[K
remote:      https://github.com/OSoG/rblog/pull/new/master[K
remote: 
To https://github.com/OSoG/rblog.git
 * [new branch]      master -> master
Branch 'master' set up to track remote branch 'master' from 'origin'.
]0;~/Desktop/rblogDongweons-MacBook-Pro:rblog dongweonshin$ 
]0;~/Desktop/rblogDongweons-MacBook-Pro:rblog dongweonshin$ 
]0;~/Desktop/rblogDongweons-MacBook-Pro:rblog dongweonshin$ 
]0;~/Desktop/rblogDongweons-MacBook-Pro:rblog dongweonshin$ 
]0;~/Desktop/rblogDongweons-MacBook-Pro:rblog dongweonshin$ 
]0;~/Desktop/rblogDongweons-MacBook-Pro:rblog dongweonshin$ 
]0;~/Desktop/rblogDongweons-MacBook-Pro:rblog dongweonshin$ 
]0;~/Desktop/rblogDongweons-MacBook-Pro:rblog dongweonshin$ 
]0;~/Desktop/rblogDongweons-MacBook-Pro:rblog dongweonshin$ git status
On branch master
Your branch is up to date with 'origin/master'.

Untracked files:
  (use "git add <file>..." to include in what will be committed)

	[31m.DS_Store[m
	[31m.Rproj.user/[m
	[31mrblog.Rproj[m

nothing added to commit but untracked files present (use "git add" to track)
]0;~/Desktop/rblogDongweons-MacBook-Pro:rblog dongweonshin$ 
]0;~/Desktop/rblogDongweons-MacBook-Pro:rblog dongweonshin$ 
]0;~/Desktop/rblogDongweons-MacBook-Pro:rblog dongweonshin$ blogdown::new_site(theme = "us er/repo", theme_example = TRUE);2B[K[K[K[K[K[K[K[K[K[K[K[K[K[K[K[K[K[K[K[K[K[K[K[K[K[K[K[K[K[K[K[K[K[K[A[C[C[C[C[C[C[C[C[C[C[C[C[C[C[C[C[C[C[C[C[C[C[C[C[C[C[C[C[C[C[C[C[C[C[C[C[C[C[C[C[C[C[C[C[C[C[C[C[C[C[C[C[C[C[C[C[C[C[C[C[C[C[C[C[C[C[C[C[C[C[C[K
[K[A[C[C[C[C[C[C[C[C[C[C[C[C[C[C[C[C[C[C[C[C[C[C[C[C[C[C[C[C[C[C[C[C[C[C[C[C[C[C[C[C[C[C[C[C[C[C[C[C[C[C[C[C[C[C[C[C[C[C[C[C[C[C[C[C[C[C[C[C[C[C[C[K[K[K[K[K[K[K[K[K[K[K[K[K[K[K[K[K[K[K[K[K[K[K[K[K[K[K[K[K
]0;~/Desktop/rblogDongweons-MacBook-Pro:rblog dongweonshin$ 
]0;~/Desktop/rblogDongweons-MacBook-Pro:rblog dongweonshin$ git status
On branch master
Your branch is up to date with 'origin/master'.

Changes to be committed:
  (use "git reset HEAD <file>..." to unstage)

	[32mnew file:   .gitmodules[m
	[32mnew file:   themes/minimo[m

Untracked files:
  (use "git add <file>..." to include in what will be committed)

	[31m.DS_Store[m
	[31m.Rproj.user/[m
	[31mrblog.Rproj[m
	[31mthemes/.DS_Store[m

]0;~/Desktop/rblogDongweons-MacBook-Pro:rblog dongweonshin$ git add .